// Jest Snapshot v1, https://goo.gl/fbAQLP

exports[`<Button /> should render the heading 1`] = `
<button
  class="inline-flex items-center py-2 px-3 text-sm font-medium leading-4 text-white bg-indigo-600 hover:bg-indigo-700 rounded-md border border-transparent focus:outline-none shadow-sm"
  type="button"
>
  Login
</button>
`;
