// Jest Snapshot v1, https://goo.gl/fbAQLP

exports[`<Badge /> should render the component 1`] = `
<div
  data-testid="back-icon"
>
  <svg
    class="hover:text-gray-600 cursor-pointer"
    fill="currentColor"
    height="24"
    stroke="currentColor"
    stroke-width="0"
    viewBox="0 0 512 512"
    width="24"
    xmlns="http://www.w3.org/2000/svg"
  >
    <path
      d="M427 234.625H167.296l119.702-119.702L256 85 85 256l171 171 29.922-29.924-118.626-119.701H427v-42.75z"
    />
  </svg>
</div>
`;
