// Jest Snapshot v1, https://goo.gl/fbAQLP

exports[`<SearchInput /> deve exibir o component corretamente 1`] = `
<div
  class="flex items-center"
>
  <div
    class="w-full"
  >
    <label
      class="sr-only"
      for="search"
    >
      Search
    </label>
    <div
      class="relative"
    >
      <div
        class="flex absolute inset-y-0 left-0 items-center pl-3 pointer-events-none"
      >
        <svg
          aria-hidden="true"
          class="w-5 h-5 text-gray-400"
          fill="none"
          height="1em"
          stroke="currentColor"
          stroke-linecap="round"
          stroke-linejoin="round"
          stroke-width="2"
          viewBox="0 0 24 24"
          width="1em"
          xmlns="http://www.w3.org/2000/svg"
        >
          <desc />
          <path
            d="M0 0h24v24H0z"
            fill="none"
            stroke="none"
          />
          <circle
            cx="10"
            cy="10"
            r="7"
          />
          <line
            x1="21"
            x2="15"
            y1="21"
            y2="15"
          />
        </svg>
      </div>
      <input
        class="block py-2 pr-3 pl-10 w-full text-sm placeholder:text-gray-500 focus:text-gray-900 focus:placeholder:text-gray-400 bg-white rounded-md border border-gray-300 focus:outline-none sm:text-sm"
        id="search"
        name="search"
        placeholder="Search movies..."
        type="search"
      />
    </div>
  </div>
</div>
`;
